has-children
has-commands
is-agent
is-busy
is-collapsed
is-doing
is-done
is-error
is-on
is-open
is-picked
is-today
is-tree
is-user
ol-anchor
ol-banner-slot
ol-body
ol-brand
ol-brand-link
ol-breadcrumbs
ol-bullet
ol-bullet-link
ol-chat
ol-chat-actions
ol-chat-body
ol-chat-btn
ol-chat-cmd
ol-chat-cmd-desc
ol-chat-cmd-name
ol-chat-cmds
ol-chat-dock
ol-chat-form
ol-chat-head
ol-chat-input
ol-chat-model
ol-chat-msg
ol-chat-note
ol-chat-open
ol-chat-pop
ol-chat-send
ol-chat-sep
ol-chat-session
ol-chat-spop
ol-chat-stop
ol-chat-title
ol-chat-tool
ol-chat-tool-glyph
ol-chat-tool-title
ol-chat-turn
ol-chat-working
ol-check
ol-children
ol-code
ol-content
ol-crumb
ol-crumb-home
ol-crumb-sep
ol-date
ol-date-time
ol-day
ol-dim
ol-doing
ol-empty
ol-error
ol-error-detail
ol-error-where
ol-file
ol-file-title
ol-line
ol-link
ol-main
ol-mirror
ol-nav-icon
ol-nav-item
ol-node
ol-note
ol-outline
ol-pane
ol-pill
ol-pre
ol-pref
ol-pref-label
ol-pref-opt
ol-pref-opts
ol-prefs
ol-row
ol-sidebar
ol-sidebar-empty
ol-sidebar-heading
ol-sidebar-nav
ol-sidebar-section
ol-stream
ol-stream-connecting
ol-stream-stale
ol-tag
ol-title
ol-toggle
ol-toggle-empty
ol-tree
ol-tree-file
ol-tree-file-label
ol-tree-link
ol-unresolved
ol-zoom
ol-zoom-root
